// Jest Snapshot v1, https://goo.gl/fbAQLP

exports[`purchase summary container matches snapshot 1`] = `
<div
  className="purchase-summary"
>
  <Row
    figure={102.96}
    title="Subtotal"
  />
  <Row
    figure={3.85}
    less={true}
    title="Pickup savings"
    toolTip={
      <ToolTip
        desc="Picking up your order in the store helps cut costs, and we pass the savings on to you."
        title="Pickup savings"
      />
    }
  />
  <Row
    figure={8.92}
    title="Est. taxes and fees"
  >
    <div>
      (Based on
      94702
      )
    </div>
  </Row>
  <Row
    figure={108.95}
    title="Est. total"
    total={true}
  />
  <ExpandableItem
    closePrefix="Hide"
    openPrefix="See"
    title="item details"
  >
    <ItemDetails
      itemName="OFM Essentials Racecar-Style Leather Gaming Chair, Green"
      pictureURL="https://i5.walmartimages.com/asr/79916c35-3293-48ff-acff-be325b2e4c84_2.ef5b1bd1451de6b63a7c20d2485d56c6.jpeg?odnHeight=100&odnWidth=100&odnBg=FFFFFF"
      prevPrice={102.96}
      price={99.11}
      quantity={1}
    />
  </ExpandableItem>
  <ExpandableItem
    closePrefix="Hide"
    openPrefix="Apply"
    title="promo code"
  >
    <DiscountForm
      url="dotted://purchaseData"
    />
  </ExpandableItem>
</div>
`;
